DROP 5df46f0909b7252b 0
PASS 63b295a9fc2f2383 18
PASS c8e907bd6e604461 5
PASS f62bd100fbe84473 25
PASS 0567372a957f8995 34
PASS e329c9ddbff90b31 38
PASS fbfed478cd61f181 15
PASS 099fc75f0cb4eaf7 46
DROP a49728dc39f1ce69 51
DROP 30bb7ce025afca05 54
PASS 4e5e1b47e01d1c3d 64
PASS 46ba8c8705bceb7f 74
PASS 78eaab65a6e3673f 82
PASS 876c255b201dc98d 85
DROP 18fdcd9b876a97c1 97
DROP 29e833157c17c5e9 93
PASS 20ea5d737c9c7f6f 104
PASS 4a9a1af0e6f217f1 113
DROP 5e51ff7d5a1573af 133
DROP 2f8c90ae13e4f6c5 123
PASS 835bd39e897f5769 143
DROP 060e546ede620f45 161
PASS 14356a48d27eff93 157
PASS 1063e6b0a0dd9cbb 165
PASS 4ec3eee64d64bdc5 175
DROP 63c46e1be96340a9 153
PASS 18f295551d65de5b 179
DROP 3d7dc9c81b8772b5 197
PASS dac014e338a480f7 203
PASS 68f228e027d0f50b 191
PASS 8176511d185bbf15 209
PASS 2daa3f4d9ade239b 187
PASS 87e2289360f2b6eb 216
DROP 4e9b663c5d9e5c4f 240
DROP 2c48978329f0da03 247
DROP d187974a0dc7e3c3 223
PASS 50d1ede6936bafc5 232
PASS dc50f3cd19441f7b 258
DROP 85121e7dfcc74acd 268
DROP d6632c1cb8e74bc5 278
PASS f00e7a2e8573565d 288
DROP a238e45caba92267 294
DROP 1368a7e8eb86130b 253
DROP 70e2e014ac97daad 322
PASS 354be88f27bf5a87 315
DROP 2afaeafbbdb69fc9 310
PASS 65d7f0c18ae23511 302
PASS bc73acdd612c9c1f 329
PASS c1f5cb8c3da08fcd 325
PASS e1b9e732117d70dd 345
PASS 0050f83f003987f5 371
DROP 9e09ada8eb46608b 352
PASS 09a96277777c5b57 362
PASS b7f524de653776d5 381
DROP a26dd05a4b1c2d29 337
PASS 291fdacf14bc788b 377
PASS 327503563ad8706b 388
DROP 5be0bbf178be4b47 393
PASS 90a87fde413ebc79 411
DROP 498953ce10983f81 420
PASS 6751a63f3017e0f5 403
PASS dc37511d8c85b78d 429
PASS fd368d9493ca9043 434
PASS 42b457c164dd6f93 441
DROP 8b5f5f249b79ba2d 445
PASS 71fa0de0be4cfa43 449
PASS 98625239f33f7be9 464
DROP 6d6da22351b78e5d 467
PASS 5c573b5f8c973b25 472
DROP 31f0efb3cc13a1cf 475
DROP 054a72ec5bdc17b3 485
DROP 68bf8b0c532a60e7 459
DROP 5d05bc5d8cf163e5 488
PASS b741907a2eb91e55 492
DROP e6d3ffe3744ccb3f 509
PASS 121bd885ac916cf3 516
PASS 6b9e5d2d44258035 502
PASS fb1ab5f4664eb267 530
DROP 7f938a2533f2d397 537
DROP 910bc6e92bd4f663 540
PASS 8e6638d3bef03a21 523
DROP 0740c7ca70cf521f 546
DROP d95effc8bcd351e7 543
PASS 0211f611aa44a889 550
PASS f4ff9c4745d636ad 554
DROP 3af0c58d3d06ce77 558
PASS fb779cd87049f9a7 563
PASS f1b6276135623fdf 570
DROP 4e2e2d9ff4eba561 577
PASS 62dd48bf382fd991 582
DROP a05015ee425a94c1 596
PASS 59b30355ca47b2cd 602
PASS 7eab7f7bedd7f887 590
PASS fc6ed118ccc729c1 612
DROP cebdf833adf285b5 620
PASS d0ef58ebd41ae8e1 629
PASS 9b0759a602520253 634
PASS 1292cd8954c5322d 637
DROP dd90d6d219b9c64d 651
DROP 889e606eac29abb9 643
PASS a132eba891e641ab 660
PASS b76a80338f7c3eaf 663
PASS ffa0b06be96bc1e7 671
PASS 548f0c1fef256697 679
PASS 23d9c037dc5bc5a7 684
PASS f563dd1112e308af 687
PASS e4d0c28ba4dbf9f3 704
PASS 3525c8fd3ae32deb 696
PASS 39c7c605a4568cd3 714
DROP ee02ae74b8980b61 727
PASS d42c22a70bbdd587 718
PASS 93c2cb0507c6c4c3 739
DROP 627d6aa6404625f1 735
PASS 4991a8415a169857 743
PASS fd1b67550b98f5d9 747
DROP 1ce46e3b4875370f 758
DROP 82a91a955422b269 753
PASS d498e98a55af9eaf 766
PASS 4150fabf930f560f 783
PASS cb58263389fe99db 771
DROP 7eac1732400da717 779
PASS 29ece48a9c4a9a0f 791
PASS d1abc5b242bcb7ef 807
DROP bb210ed1e38bbfa7 810
PASS 624bcc5b922e62cf 797
DROP c4381f1565cf98e7 801
DROP 70e5b65e8fb334c5 821
DROP 7b53d42e395342d5 813
DROP 96e8aff9daf081d3 824
DROP af30616183b45f95 830
DROP 73d2f523c13d90d3 840
PASS c5dddcb51becd37f 850
DROP 57083e0842f8575d 856
DROP dd4d9e3bacc889e3 863
PASS 06d11b2976153b0b 872
DROP 7ad3cb0413a51213 882
DROP 132b093f672e1093 889
PASS 9e548bf59cc84893 896
PASS 70c935d8b72536d3 901
DROP 6de836c094b32ab1 907
PASS 0d69bbb536e5984f 917
DROP 20ac550b7f0a2383 924
DROP 45ee0ad0b2408b71 934
PASS 10efeeabd5c94137 942
PASS ea4afe34902dca2d 952
PASS f25a4eeda13d0489 964
DROP 1283cc5a67f40261 960
PASS eac82dde38bce477 972
DROP 2fe9f378469b020f 985
PASS 3cb2fbb693a4f7c7 975
DROP f4f222fc88d949cf 988
DROP bd608b072e77caa9 992
DROP d1c6b4b4d9c6a023 1001
PASS 7e645d053e02c855 1020
DROP 414d5eefb97ee911 1011
PASS 596bdefd7c2ec867 1034
PASS 4a8c7665cb24544d 1026
DROP bf0360110ef5bda5 1042
