PASS 5a408175e45826bd 0
DROP 82d710be8e29e93f 8
PASS c5a4fdcdd18bbcdb 14
PASS cea4de0845ff5453 20
DROP 3f69fd770d635b7b 30
PASS ec165b24cf0643ab 36
DROP 6c086fde47932225 41
DROP 4f42d2edc578a3f9 44
DROP 26e31e4a9702bfc7 51
PASS 570c79216de1f65b 59
DROP d8170cf652872e5f 66
DROP 4bcdc76286e6119b 73
DROP 417cb5f63814c0c9 76
PASS ad67fa1d49e63b3f 83
PASS 481bfeaae65fea3f 92
DROP 6113ef3142a33557 88
DROP dc86ade6c6802c05 99
PASS 35a3a1b015b29d8d 109
PASS cbf09564a7de152d 112
PASS e14629e7f2bd5d2f 129
DROP e1a9fb9ecc9dd90f 123
DROP fa6dc05a58489999 118
DROP 3b8829060a252b5f 137
DROP fa3e9fb3725ce67b 143
DROP 28f7be6ec597e689 146
PASS 828c5b79580999df 153
PASS 6865c6ce1671c7cf 162
DROP 228bf0784dabe221 168
PASS a2d25ff4c7057541 179
PASS f542829b070b6155 176
PASS fca965e584b6bba3 184
DROP 3aecd5c2bae12067 197
PASS 54a37d3c913acbdd 190
DROP bd63e717a75364fd 207
DROP 2074338e382ee98b 221
DROP 139bcd4303078357 216
PASS 6282d4d8b4584d03 228
PASS 957f6163d4aa63e7 238
PASS dc0fee6c05431281 241
PASS 5522dcabe8131fc7 245
DROP 768001d334994ef9 264
DROP 3866d3b680a48f07 254
PASS f1552869cf590c43 270
PASS 983a1ef086962c61 273
DROP 8ca0541fc0b06409 286
DROP 75c34758ba08abc9 276
DROP 9e026fb43297c087 301
DROP 404574757efadd79 291
DROP b790110537465017 307
DROP f1de09415ddd00c1 314
PASS edede61210c7306b 310
PASS 71a950d30289cea3 327
DROP 1a0e48c329bfc84d 317
DROP 09bb2c33a91434e9 336
PASS 31abbc9b26d30cbb 344
DROP daca59f68abda0dd 352
PASS e9992432aa8f7fad 375
PASS 72072452a099400b 367
PASS dc0e727ea4a91035 362
DROP 5fc0a982e1b493e5 383
DROP a9206626d86c3a19 386
PASS 98ef147527efb71f 393
PASS 2242cb17561a48b1 414
PASS ef67ea386cf786ed 407
DROP 3af0d3b9b60f0447 431
DROP d40adad105bbdce5 402
PASS a9107786f10a5351 421
DROP 651fcc9a2336b441 437
PASS d117779d91ae2eb9 443
PASS 29c335088d8801ad 455
DROP d765c08aee86ea27 468
PASS 04c507a50931d6a9 459
DROP e4f7db8e7778b087 479
DROP 8178be4597165941 476
PASS 053678ab659128b1 489
DROP 51e79ba11fd1521b 494
PASS 761425deed21a363 450
DROP eeb15f291468b421 503
PASS 1e764a788c229bd9 510
PASS 6cb12b7ab25291f1 525
PASS ad38cd9b04631de3 535
PASS 426674fec15226b3 540
PASS 46b24ea6cac76c4f 519
PASS f4f2a3b912e07f47 547
DROP 49ef784b78d5033f 551
PASS cb991fbd47b3de93 544
PASS 8e4f558ac48dff11 561
PASS 9e219ac2d66b3e61 579
PASS 129b815ea5321f1b 569
PASS f4f3d476aef5a8eb 576
PASS 2afee68ca73ef4a3 591
DROP 4f762aa6971c4201 585
PASS 83f9784c8770ff87 596
PASS fdf55e51b86b5b67 603
PASS 4d11956e6d0b304b 582
PASS 829ac9a6d2fc03cb 607
PASS ca503f4c009ba677 616
DROP 562e5ed823195471 624
DROP 4114b90fccb77f33 637
DROP 774dc56778c6e0b7 634
DROP 08ce55aefa8bb883 643
DROP 653a770c1632569d 653
DROP 1faedbfa4c42f55b 650
PASS 6297895010c0eef9 660
PASS f546ee9bd07f8cc1 676
PASS 604820d9dfa7e5ad 673
DROP db89fa1ae8e36881 665
PASS 7fbb4372ac57a431 684
DROP a2a922706a7a539d 694
DROP f30f30a422612a05 704
DROP da0f6ddb6f02e619 714
DROP 50a6f693e3e4e22f 707
DROP a37b725197cadced 721
DROP 39e158fa43f5e7f5 726
PASS 6057d44f547e4e9d 735
DROP dc3b6ba64f041a11 750
DROP 2ae73b538cd86225 757
PASS ff322a5209f00579 743
PASS 5ca6db768119843d 770
PASS 04474952e99a72b9 780
DROP 7a75a2c49887bff5 767
PASS 7a7eb547f4047ddd 784
PASS 64400139e8293f01 797
PASS f7d577fc12802223 787
PASS f70be08f51c74e39 811
PASS d7369badc772a869 805
DROP bb08ff6a56ee0eff 822
PASS 9fcdb252a15745e3 818
DROP 9459db975e7d2191 814
PASS 64416001b335b5d3 825
DROP 80deeb8a911a93fb 833
PASS 5325472dbab10d97 842
PASS 078cf472ea51bdeb 858
PASS 2fedc3c0d62cab87 871
DROP f00159fa2c87e615 865
PASS cd918a8b503c5b3d 848
PASS 84f9cc4b61bb6dcb 889
PASS 0765675a2ef5b463 894
PASS c052270129c6c679 905
PASS c032782c37a78821 897
DROP ee217ed333865a07 920
DROP a2ebd143453779a1 915
DROP 3e0e8a4ccc8817c7 923
PASS a04ca798ea2f1aad 932
DROP 802c32ee7a3fa103 939
PASS 34b29d2f5491e34d 954
DROP ad1b5dca5214bd01 946
DROP 616b2dec21f920b9 942
PASS 6aff4c3ca6ee378b 963
PASS d003cee9943d101f 879
PASS 1e20c5f561089f15 972
DROP 4ec3c32a29a26e9b 987
PASS d99b0e977f8e0463 993
PASS 07ed19397cdbfadd 980
PASS 6476f6581e178fdb 1002
PASS cc6b26178f38054b 1011
DROP 8d1a7078b23fc71f 1019
PASS d6d3bfe5ae5a8265 1029
DRO