PASS 36b10ad3605897d1 0
DROP 2d06fafc2a905ec5 3
DROP 8c198b63a6001db1 10
DROP 9a5aad3f24d21137 18
PASS ad7329993f55127d 27
DROP 203f20687a542335 36
PASS 21ecaa40e7d91931 41
DROP 8572f2155a70b79d 46
DROP 8c1ff2d59ab4cd35 52
DROP b1612e9fd5d8c2bb 60
