PASS 3fef489b51bae975 0
DROP 935e4d96a56d7ca7 12
PASS e32de23b46fe057d 15
PASS 3c3be83c8336070b 19
PASS 94a2326caf597a63 4
DROP b043be4472398931 36
PASS 8951ce8381635167 28
PASS 21f8185b1f353295 45
DROP 6ef9d143c4205669 55
PASS cb85ddac48b406e1 63
DROP 19786e1ac0bbdf2f 68
DROP 1ac34a1eba288043 76
PASS 055d9dcd4d1f5135 82
PASS cc4b00a41f159689 87
DROP c6ddd27914de7097 105
DROP 8404490b718cc943 111
PASS 9e8ef9fc39549fc3 116
DROP b17fa1e12f179b75 96
DROP 4895f44cdf8f4ca3 126
DROP 5b8e5a8eadbd53eb 133
DROP 86cb5fa5748b206f 138
DROP e639632bd5b4ed0f 142
PASS 60261594ac7e443b 145
DROP 0459b855ac63b34b 159
DROP 851ab8207eddf0db 150
PASS 6947c6134674cd73 171
PASS 612e17ab12db8ee9 175
PASS b6f948e947165ac7 164
PASS 8845052da09bad5d 185
PASS 7c0ff7e54490d88b 204
DROP 0bc5e277055b9f71 200
DROP efa1f0c46d5bfe31 194
DROP 8ab40a95143dc1e3 209
DROP f2e859c671f687bd 227
PASS 9dcf3df6e3136f81 233
DROP 8164f964d162720d 218
PASS f5a52abb0aa9d3f9 237
PASS e7c897040f090cef 240
DROP 2f700186d8b4f6db 243
DROP cb1cddd2e69e0c47 266
PASS b21994687603992d 251
PASS 489d73eb1a63e8af 259
DROP 5a0654dd637d8af3 282
PASS cf3396a8bbcef0ad 286
DROP 9f385aa583de36f7 273
PASS 4ad63c87090f7403 291
DROP 64e7a449a627fcd5 305
PASS ff305b63a9817e9d 313
PASS 6ed850604bed6f23 326
PASS b630f8b3cd8da725 299
PASS 07c8250479c16a69 321
DROP a954325b3b41e927 349
PASS f08273867611c47b 342
PASS 23a1ab056552db33 335
PASS f5b3135c705fe249 352
PASS 684c5f17189fbac1 360
DROP 51d886486e2c533f 372
PASS ce48a4a24fff32dd 363
PASS 9e301f0f7fb9584f 378
DROP 5138777a27e2a565 385
PASS 4b7b9f72bb0b037b 399
PASS 232313b66d1bacb9 391
PASS 9b2ece50013d6b71 403
DROP 35f3c76d29dad2b7 420
PASS 1dab1f67e7987b5f 441
DROP dfa21a43d586e8b7 437
PASS c777d17334a98e3b 411
PASS e631188f529e92e5 447
PASS 664650fadb08f5f1 456
DROP 33b6cf901c671171 430
PASS 5eb683181957bd63 462
DROP 354ee47f0403b929 476
PASS 6ae18f22eeed82a5 479
DROP f775d18d2c6e5a75 468
DROP bf1f6e90db5ef057 493
DROP 5676187bc82350d1 498
DROP ceec2ad388d09445 489
PASS ecfc34f2d99ed979 507
DROP 8fa1e4dc22f069bf 516
PASS 36044a412ce02093 525
DROP 099614a7625dd6a5 532
PASS 08b4a122adff4ba7 547
PASS ede02bccb18b9735 542
PASS 7b8b6a9da1adaffd 551
DROP defb98413d4739e7 569
DROP 61c9ca5d0b23af75 585
DROP f412c7d7ffac47c1 578
DROP 7ffd6b07c6eee981 559
PASS 515ebe910aa63f95 606
PASS 7403b31eb607e677 595
PASS 6df3b694fba0dabf 602
DROP e09088a479d19a45 610
DROP 0d026a0d50a69e3d 622
DROP ef3eebf0bfbf83a3 627
PASS 7ddc20f4bcb2999b 616
PASS 0a9b22f21d26544f 632
DROP f6325a80038f3e51 636
DROP a4f61b928537b84d 646
PASS d2a47d8dbf48cb9d 670
PASS 3c0bd13ab7a0cca5 677
DROP d3193f50f35ca5ad 663
DROP d7b2685832b3fff1 653
DROP 8cf1d5f74105e4e7 681
PASS 7eef5f1653b7f39f 686
PASS dc96e829bee6dca5 692
DROP 08ac133d9c6e2a1b 706
DROP bfaf13ad52ba1329 695
PASS dc1f9f3b08654c6d 717
DROP 81a26be79ddd0d07 703
PASS 2e10352fd96176c9 709
DROP ed30da6ba4de35c7 727
PASS ee87e2e961b78b4d 736
DROP 9340351cccf9aadf 761
PASS 45e3d3c844215a19 742
DROP dca9222a4ad12175 772
DROP 97ece3c5116b1b1d 752
DROP 151f632f09c12a95 766
PASS 77b7ca93acca4061 781
PASS 812dae0d552b66d3 788
PASS 838636c85cb68a9b 810
PASS 2015893d6d86eaff 801
DROP 6eae83549a782ee7 798
PASS 5d012fda23f74a0b 804
DROP 9eba39ac87a6ff0f 830
PASS 073c9382b19f22c3 824
PASS 0ade8cde10b000b1 815
DROP 3b8b49cba0d89d7f 833
PASS 077dc0c58d7f6ab1 849
DROP a1e878cc511dca5b 840
DROP 142a375a39b1cba5 860
PASS 5916a381d8652fbf 853
DROP 7a0967961f5c0c73 875
PASS b1da668610689e93 871
DROP a2eb739d20b412b3 885
PASS 591c81b5489344ab 889
DROP 142a2f30173cf1bd 866
PASS ba1034e911934d8d 893
DROP 4dadcce2729760a1 905
PASS 371f43f01fb81197 912
PASS 70299b53c668bc17 898
DROP 2875d5971cd3742d 923
PASS 1f5eccea253a2c6b 928
DROP 6f6a587f48f8fba9 915
PASS 3d82917e258667b3 948
PASS 753c70a09525f3ff 938
PASS 4ad502f5ede79e9b 957
PASS 6169b2553edf7d0b 979
PASS 822f5f94a19c7e4b 969
PASS 1e856eae301cfadf 985
PASS 922a740106a12ff9 966
DROP 33fe3f522c010bdb 988
DROP 1a4204c2acab4047 999
DROP 8c7d52e1f2335de1 1013
PASS 618d00f179b093ab 1017
DROP e2876dd39f75dc9b 1025
DROP 4dd264c2a4451213 1007
PASS 8bf959d5e31a2cbb 992
PASS 8cf2a7ff1c5fa6c7 1036
